[    0.000000] Initializing cgroup subsys cpuset
[    0.000000] Initializing cgroup subsys cpu
[    0.000000] Initializing cgroup subsys cpuacct
[    0.000000] Linux version 4.4.0-159-generic (buildd@lgw01-amd64-042) (gcc version 5.4.0 20160609 (Ubuntu 5.4.0-6ubuntu1~16.04.10) ) #187-Ubuntu SMP Thu Aug 1 16:28:06 UTC 2019 (Ubuntu 4.4.0-159.187-generic 4.4.185)
[    0.000000] Command line: BOOT_IMAGE=/boot/vmlinuz-4.4.0-159-generic root=LABEL=cloudimg-rootfs ro console=tty1 console=ttyS0
[    0.000000] KERNEL supported cpus:
[    0.000000]   Intel GenuineIntel
[    0.000000]   AMD AuthenticAMD
[    0.000000]   Centaur CentaurHauls
[    0.000000] x86/fpu: Legacy x87 FPU detected.
[    0.000000] e820: BIOS-provided physical RAM map:
[    0.000000] BIOS-e820: [mem 0x0000000000000000-0x000000000009fbff] usable
[    0.000000] BIOS-e820: [mem 0x000000000009fc00-0x000000000009ffff] reserved
[    0.000000] BIOS-e820: [mem 0x00000000000f0000-0x00000000000fffff] reserved
[    0.000000] BIOS-e820: [mem 0x0000000000100000-0x000000003ffeffff] usable
[    0.000000] BIOS-e820: [mem 0x000000003fff0000-0x000000003fffffff] ACPI data
[    0.000000] BIOS-e820: [mem 0x00000000fec00000-0x00000000fec00fff] reserv
[   0.000000] BIOS-e820: [mem 0x0000000fee00000-0x00000000fee00fff] reserved
[    0.000000] BIOS-e820: [mem 0x00000000fffc0000-0x00000000ffffffff] reserved
[    0.000000] NX (Execute Disable) protection: active
[    0.000000] SMBIOS 2.5 present.
[    0.000000] Hypervisor detected: KVM
[    0.000000] e820: last_pfn = 0x3fff0 max_arch_pfn = 0x400000000
[    0.000000] MTRR: Disabled
[    0.000000] x86/PAT: MTRRs disabled, skipping PAT initialization too.
[    0.000000] CPU MTRRs all blank - virtualized system.
    0.000000] x86/PAT: Configuration [0-7]: WB  WT  UC- UC  WB  WT  UC- UC  
[    0.000000] found SMP MP-table at [mem 0x0009fff0-0x0009ffff] mapped at [ffff88000009fff0]
[    0.000000] Scanning 1 areas for low memory corruption
[    0.000000] RAMDISK: [mem 0x362f8000-0x37173fff]
[    0.000000] ACPI: Early table checksum verification disabled
[    0.000000] ACPI: RSDP 0x00000000000E0000 000024 (v02 VBOX  )
[    0.000000] ACPI: XSDT 0x000000003FFF0030 00003C (v01 VBOX   VBOXXSDT 00000001 ASL  00000061)
[    0.000000] ACPI: FACP 0x000000003FFF00F0 0000F4 (v04 VBOX   VBOXFACP 00000001 ASL  00000061)
[    0.000000] ACPI: DSDT 0x000000003FFF0470 0021FF (v02 VBOX   VBOXBIOS 00000002 INTL 20180105)
[    0.000000] ACPI: FACS 0x000000003FFF0200 000040
[    0.000000] ACPI: FACS 0x000000003FFF200 000040
[    0.000000] ACPI: APIC 0x000000003FFF0240 00005C (v02 VBOX   VBOXAPIC 00000001 ASL  00000061)
[    0.000000] ACPI: SSDT 0x000000003FFF02A0 0001CC (v01 VBOX   VBOXCPUT 00000002 INTL 20180105)
[    0.000000] No NUMA configuration found
[    0.000000] Faking a node at [mem 0x0000000000000000-0x00000003ffeffff]
[    0.000000] NODE_DATA(0) allocated [mem 0x3ffeb000-0x3ffeffff]
[    0.000000] kvm-clock: Using msrs 4b564d01 and 4b564d00
[    0.00000] kvm-clock: cpu 0, msr 0:3ffe3001, primary cpu clock
[    0.000000] kvm-clock: using sched offset of 5044348799 cycles
[    0.000000] clocksource: kvm-clock: mak: 0xffffffffffffffff max_cycles: 0x1cd42e4dffb, max_idle_ns: 881590591483 ns
[    0.000000] Zone ranges:
[    0.000000]   DMA      [mem 0x0000000000001000-0x0000000000ffffff]
[    0.000000]   DMA32    [mem 0x0000000001000000-0x000000003ffeffff]
[    0.000000]   Normal   empty
[    0.000000]   Device   empty
[    0.000000] Movable zone start for each node
[    0.000000] Early memory node ranges
[    0.000000]   node   0: [mem 0x0000000000001000-0x000000000009efff]
[    0.000000]   node   0: [mem 0x0000000000100000-0x000000003ffeffff]
[    0.000000] Initmem setup node 0 [mem 0x0000000000001000-0x000000003ffeffff]
[    0.000000] ACPI: PM-Timer IO Port: 0x4008
[    0.000000] IOAPIC[0]: apic_id 2, version 32, address 0xfec00000, GSI 0-23
[    0.000000] ACPI: INT_SRC_OVR (bus 0 bus_irq 0 global_irq 2 dfl dfl)
[    0.000000] ACPI: INT_SRC_OVR (bus 0 bus_irq 9 global_irq 9 low level)
[    0.000000] Uing ACPI (MADT for SMP configuration information
[    0.000000] smpboot: Allowing 2 CPUs, 0 hotplug CPUs
[    0.000000] PM: Registered nosave memory: [mem 0x00000000-0x00000fff]
[    0.000000] PM: Registered nosave memory: [mem 0x0009f000-0x0009ffff]
[    0.000000] PM: Registered nosave memory: [mem 0x000a0000-0x000effff]
[    0.000000] PM: Registered noave memory: [mem 0x000f0000-0x000fffff]
[    0.000000] e820: [mem 0x40000000-0xfebfffff] available for PCI devices
[    0.000000] Booting paravirtualized kernel on KVM
[    0.000000] clocksource: refined-jiffies: mask: 0xffffffff max_cycles: 0xffffffff, max_idle_ns: 7645519600211568 ns
[    0.000000] setup_percpu: NR_CPUS:512 nr_cpumask_bits:512 nr_cpu_is:2 nr_node_ids:1
[    0.000000] PERCPU: Embedded 34 pages/cpu @ffff88003fc00000 s99544 r8192 d315 u1048576
[    0.000000] Built 1 zonelists in Node order, mobility grouping on.  Total pages: 257912
[    0.000000] Policy zone: DMA32
[    0.000000] Kernel command line: BOOT_IMAGE=/boot/vmlinuz-4.4.0-159-geneic root=LABEL=cloudimg-rootfs ro console=tty1 console=ttyS0
[    0.000000] PID hash table entries: 4096 (order: 3, 32768 bytes)
[    0.000000] Memory: 997724K/1048120K available (8618K kernel code, 1335K rwdata, 4032K rodata, 1488K init, 1284K bss, 50396 reserved, 0K cma-reserved)
[    0.000000] SLUB: HWalign=64, Order=0-3, MinObjects=0, CPUs=2, Nodes=1
[    0.000000] Kernel/User page tables isolation: enabled
[    0.000000] Hierarchical RCU implementation.
[    0.000000] 	Build-time adjustment of leaf fanout to 64.
[    0.000000] 	RCU restricting CPUs from NR_CPUS=512 to nr_cpu_ids=2.
[    0.000000] RCU: Adjusting geometry for rcu_fanout_leaf=64, nr_cpu_ids=2
[    0.000000] NR_IRQS:33024 nr_irqs:440 16
[    0.000000] Console: colour VGA+ 80x25
[    0.000000] console [tty1] enabled
[    0.000000] console [ttyS0] enabled
[    0.000000] tsc: Detected 2992.498 MHz processor
[    2.023524] Calibrating delay loop (skipped) preset value.. 5984.99 BogoMIPS (lpj=11969992)
[    2.103272] pid_max: default: 32768 minimum: 301
[    2.104833] ACPI: Core revision 20150930
[    2.122298] ACPI: 2 ACPI AML tables successfully acquired and loaded
[    2.124467] Security Framework initialized
[    2.125891] Yama: becoming mindful.
[    2.127265] AppArmor: AppArmor initialized
[    2.128868] Dentry cache hash table entries: 131072 (order: 8, 1048576 bytes)
[    2.131453] Inode-cache hash table entries: 65536 (order: 7, 524288 bytes)
[    2.158353] Mount-cache hash table entries: 2048 (order: 2, 16384 bytes)
[    2.277547] Mountpoint-cache hash table entries: 2048 (order: 2, 16384 bytes)
[    2.280442] Initializing cgroup subsys io
[    2.325008] Initializing cgroup subsys memory
[    2.350455] Initializing cgroup subsys devices
[    2.351953] Initializing cgroup subsys freezer
[    2.370434] Initializing cgroup subsys net_cls
[    2.371935] Initializing cgroup subsys perf_event
[    2.407409] Initializing cgroup subsys net_prio
[    2.469086] Initializing cgroup subsys hugetlb
[    2.470581] Initializing cgroup subsys pids
[    2.472130] mce: CPU supports 0 MCE banks
[    2.533392] Last level iTLB entries: 4KB 128, 2MB 4, 4MB 4
[    2.535103] Last level dTLB entries: 4KB 256, 2MB 0, 4MB 32, 1GB 0
[    2.537014] Spectre V1 : Mitigation: usercopy/swapgs barriers and __user pointer sanitization
[    2.570756] Spectre V2 : Mitigation: Full generic retpoline
[    2.572491] Spectre V2 : Spectre v2 / SpectreRSB mitigation: Filling RSB on context switch
[    2.639007] Speculative Store Bypass: Vulnerable
[    2.641353] MDS: Vulnerable: Clear CPU buffers attempted, no microcode
[    2.647027] Freeing SMP alternatives memory: 36K
[    2.656159] ftrace: allocating 32318 entries in 127 pages
[    2.809491] smpboot: APIC(0) Converting physical 0 to logical package 0
[    2.842212] smpboot: Max logical packages: 1
[    2.844262] x2apic enabled
[    2.845937] Switched APIC routing to physical x2apic.
[    2.849987] ..TIMER: vector=0x30 apic1=0 pin1=2 apic2=-1 pin2=-1
[    2.956742] smpboot: CPU0: Intel(R) Core(TM)2 Duo CPU     E8400  @ 3.00GHz (family: 0x6, model: 0x17, stepping: 0xa)
[    2.960302] Performance Events: unsupported p6 CPU model 23 no PMU driver, software events only.
[    3.164134] KVM setup paravirtual spinlock
[    3.168117] x86: Booting SMP configuration:
[    3.202774] .... node  #0, CPUs:      #1
[    3.253357] kvm-clock: cpu 1, msr 0:3ffe3041, secondary cpu clock
[    3.269065] mce: CPU supports 0 MCE banks
[    3.272261] x86: Booted up 1 node, 2 CPUs
[    3.274136] smpboot: Total of 2 processors activated (11969.99 BogoMIPS)
[    3.282073] devtmpfs: initialized
[    3.285783] evm: security.selinux
[    3.287037] evm: security.SMACK64
[    3.288284] evm: security.SMACK64EXEC
[    3.294951] evm: security.SMACK64TRANSMUTE
[    3.296367] evm: security.SMACK64MMAP
[    3.297704] evm: security.ima
[    3.298874] evm: security.capability
[    3.300374] clocksource: jiffies: mask: 0xffffffff max_cycles: 0xffffffff, max_idle_ns: 7645041785100000 ns
[    3.303532] futex hash table entries: 512 (order: 3, 32768 bytes)
[    3.305559] pinctrl core: initialized pinctrl subsystem
[    3.307402] RTC time: 16:48:50, date: 08/22/19
[    3.309317] NET: Registered protocol family 16
[    3.324870] cpuidle: using governor ladder
[    3.336981] cpuidle: using governor menu
[    3.338422] PCCT header not found.
[    3.339755] ACPI: bus type PCI registered
[    3.341168] acpiphp: ACPI Hot Plug PCI Controller Driver version: 0.5
[    3.377583] PCI: Using configuration type 1 for base access
[    3.393444] ACPI: Added _OSI(Module Device)
[    3.437358] ACPI: Added _OSI(Processor Device)
[    3.466531] ACPI: Added _OSI(3.0 _SCP Extensions)
[    3.468064] ACPI: Added _OSI(Processor Aggregator Device)
[    3.487308] ACPI: Executed 1 blocks of module-level executable AML code
[    3.516955] ACPI: Interpreter enabled
[    3.518287] ACPI: (supports S0 S5)
[    3.519551] ACPI: Using IOAPIC for interrupt routing
[    3.549789] PCI: Using host bridge windows from ACPI; if necessary, use "pci=nocrs" and report a bug
[    3.557320] ACPI: PCI Root Bridge [PCI0] (domain 0000 [bus 00-ff])
[    3.602414] acpi PNP0A03:00: _OSC: OS supports [ASPM ClockPM Segments MSI]
[    3.604442] acpi PNP0A03:00: _OSC: not requesting OS control; OS requires [ExtendedConfig ASPM ClockPM MSI]
[    3.651338] acpi PNP0A03:00: fail to add MMCONFIG information, can't access extended PCI configuration space under this bridge.
[    3.727972] PCI host bridge to bus 0000:00
[    3.774416] pci_bus 0000:00: root bus resource [io  0x0000-0x0cf7 window]
[    3.776403] pci_bus 0000:00: root bus resource [io  0x0d00-0xffff window]
[    3.872145] pci_bus 0000:00: root bus resource [mem 0x000a0000-0x000bffff window]
[    3.904560] pci_bus 0000:00: root bus resource [mem 0x40000000-0xfdffffff window]
[    4.012968] pci_bus 0000:00: root bus resource [bus 00-ff]
[    4.016880] pci 0000:00:01.1: legacy IDE quirk: reg 0x10: [io  0x01f0-0x01f7]
[    4.030988] pci 0000:00:01.1: legacy IDE quirk: reg 0x14: [io  0x03f6]
[    4.122802] pci 0000:00:01.1: legacy IDE quirk: reg 0x18: [io  0x0170-0x0177]
[    4.124877] pci 0000:00:01.1: legacy IDE quirk: reg 0x1c: [io  0x0376]
[    4.187128] pci 0000:00:07.0: quirk: [io  0x4000-0x403f] claimed by PIIX4 ACPI
[    4.191281] pci 0000:00:07.0: quirk: [io  0x4100-0x410f] claimed by PIIX4 SMB
[    4.200995] ACPI: PCI Interrupt Link [LNKA] (IRQs 5 9 10 *11)
[    4.204795] ACPI: PCI Interrupt Link [LNKB] (IRQs 5 9 *10 11)
[    4.207224] ACPI: PCI Interrupt Link [LNKC] (IRQs 5 *9 10 11)
[    4.231939] ACPI: PCI Interrupt Link [LNKD] (IRQs 5 9 10 *11)
[    4.234479] ACPI: Enabled 2 GPEs in block 00 to 07
[    4.242485] vgaarb: setting as boot device: PCI:0000:00:02.0
[    4.244237] vgaarb: device added: PCI:0000:00:02.0,decodes=io+mem,owns=io+mem,locks=none
[    4.252319] vgaarb: loaded
[    4.254546] vgaarb: bridge control possible 0000:00:02.0
[    4.256892] SCSI subsystem initialized
[    4.264037] ACPI: bus type USB registered
[    4.265519] usbcore: registered new interface driver usbfs
[    4.272422] usbcore: registered new interface driver hub
[    4.274144] usbcore: registered new device driver usb
[    4.276203] PCI: Using ACPI for IRQ routing
[    4.279427] NetLabel: Initializing
[    4.280704] NetLabel:  domain hash size = 128
[    4.282205] NetLabel:  protocols = UNLABELED CIPSOv4
[    4.283835] NetLabel:  unlabeled traffic allowed by default
[    4.285996] amd_nb: Cannot enumerate AMD northbridges
[    4.287737] clocksource: Switched to clocksource kvm-clock
[    4.304066] AppArmor: AppArmor Filesystem Enabled
[   4.477550] pnp: PnP ACPI init
[    4.518058] pnp: PnP ACPI: found 3 devices

[    4.531553] clocksource: acpi_pm: mask: 0xffffff max_cycles: 0xffffff, max_idle_ns: 2085701024 ns
[    4.534775] NET: Registered protocol family 2
[    4.536818] TCP established hash table entries: 8192 (order: 4, 65536 bytes)
[    4.539036] TCP bind hash table entries: 8192 (order: 5, 131072 bytes)
[    4.541167] TCP: Hash tables configured (established 8192 bind 8192)
[    4.543233] UDP hash table entries: 512 (order: 2, 16384 bytes)
[    4.545173] UDP-Lite hash table entries: 512 (order: 2, 16384 bytes)
[    4.547275] NET: Registered protocol family 1
[    4.548865] pci 0000:00:00.0: Limiting direct PCI/PCI transfers
[    4.550782] pci 0000:00:01.0: Activating ISA DMA hang workarounds
[    4.552991] Unpacking initramfs...
[  4.809853] Freeing initrd memor: 14832K
[    4.899023] clocksource: tsc: mask: 0xffffffffffffffff max_cycles: 0x2b2296bc2b9, max_idle_ns: 440795321505 ns
[    4.902217] platform rtc_cmos: registered platform RTC device (no PNP device found)
[    4.904928] Scanning for low memory corruption every 60 seconds

[    4.907628] audit: initializing netlink subsys (disabled)
[    4.977403] audit: type=2000 audit(1566492535.081:1): initialized
[    5.046684] Initialise system trusted keyring
[    5.048551] HugeTLB registered 2 MB page size, pre-allocated 0 pages
[    5.052484] zbud: loaded
[    5.054331] VFS: Disk quotas dquot_6.6.0
[    5.104968] VFS: Dquot-cache hash table entries: 512 (order 0, 4096 bytes)
[    5.107390] squashfs: version 4.0 (200/01/31) Phillip Lougher

[    5.188550] fuseinit (API version 7.23)

[    5.237860] Key type big_key registered
[    5.239276] Allocating IMA MOK and blacklist keyrings.
[    5.242628] Key type asymmetric registered
[    5.244118] Asymmetric key parser 'x509' registered
[    5.245806] Block layer SCSI generic (bsg) driver version 0.4 loaded (major 249)
[    5.386832] io scheduler noop registered
[    5.388278] io scheduler deadline registered (default)
[    5.394516] io scheduler cfq registered
[    5.396104] pci_hotplug: PCI Hot Plug PCI Core version: 0.5
[    5.442197] pciehp: PCI Express Hot Plug Controller Driver version: 0.4
[    5.444435] ACPI: AC Adapter [AC] (on-line)
[    5.445993] input: Power Button as /devices/LNXSYSTM:00/LNXPWRBN:00/input/input0
[    5.454045] ACPI: Power Button [PWRF]
[    5.455486] input: Sleep Button as /devices/LNXSYSTM:00/LNXSLPBN:00/input/input1
[    5.463560] ACPI: Sleep Button [SLPF]
[    5.466318] GHES: HEST is not enabled!
[    5.467931] Serial: 8250/16550 driver, 32 ports, IRQ sharing enabled
[    5.512939] 00:02: ttyS0 at I/O 0x3f8 (irq = 4, base_baud = 115200) is a 16550A
[    5.519199] Linux agpgart interface v0.103
[    5.523995] loop: module loaded
[    5.528786] scsi host0: ata_piix
[    5.530281] scsi host1: ata_piix
[    5.531585] ata1: PATA max UDMA/33 cmd 0x1f0 ctl 0x3f6 bmdma 0xd000 irq 14
[    5.533674] ata2: PATA max UDMA/33 cmd 0x170 ctl 0x376 bmdma 0xd008 irq 15
[    5.535925] libphy: Fixed MDIO Bus: probed
[    5.567952] tun: Universal TUN/TAP device driver, 1.6
[    5.577887] tun: (C) 1999-2004 Max Krasnyansky <maxk@qualcomm.com>
[    5.587755] PPP generic driver version 2.4.2
[    5.589355] ehci_hcd: USB 2.0 'Enhanced' Host Controller (EHCI) Driver
[    5.591396] ehci-pci: EHCI PCI platform driver
[    5.628112] ehci-platform: EHCI generic platform driver
[    5.687961] ohci_hcd: USB 1.1 'Open' Host Controller (OHCI) Driver
[    5.697941] ohci-pci: OHCI PCI platform driver
[    5.699761] ohci-platform: OHCI generic platform driver
[    5.701592] uhci_hcd: USB Universal Host Controller Interface driver
[    5.703721] i8042: PNP: PS/2 Controller [PNP0303:PS2K,PNP0f03:PS2M] at 0x60,0x64 irq 1,12
[    5.707434] serio: i8042 KBD port at 0x60,0x64 irq 1
[    5.709186] serio: i8042 AUX port at 0x60,0x64 irq 12
[    5.711063] mousedev: PS/2 mouse device common for all mice
[    5.713607] rtc_cmos rtc_cmos: rtc core: registered rtc_cmos as rtc0
[    5.715812] input: AT Translated Set 2 keyboard as /devices/platform/i8042/serio0/input/input2
[    5.748873] rtc_cmos rtc_cmos: alarms up to one day, 114 bytes nvram
[    5.750872] i2c /dev entries driver
[    5.752303] device-mapper: uevent: version 1.0.3
[    5.778421] device-mapper: ioctl: 4.34.0-ioctl (2015-10-28) initialised: dm-devel@redhat.com
[    5.781429] ledtrig-cpu: registered to indicate activity on CPUs
[    5.784120] NET: Registered protocol family 10
[    5.786139] NET: Registered protocol family 17
[    5.787722] Key type dns_resolver registered
[    5.874235] registered taskstats version 1
[    5.875760] Loading compiled-in X.509 certificates
[    5.958989] Loaded X.509 cert 'Build time autogenerated kernel key: d14182f9795b80ec340f636a5a08bf5817ccd8e7'
[    5.989022] zswap: loaded using pool lzo/zbud
[    6.003998] Key type trusted registered
[    6.031521] Key type encrypted registered
[    6.033076] AppArmor: AppArmor sha1 policy hashing enabled
[    6.034898] ima: No TPM chip found, activating TPM-bypass!
[    6.036782] ima: Allocated hash algorithm: sha1
[    6.038392] evm: HMAC attrs: 0x1
[    6.040122]   Magic number: 15:151:844
[    6.041676] rtc_cmos rtc_cmos: setting system clock to 2019-08-22 16:48:53 UTC (1566492533)
[    6.059072] BIOS EDD facility v0.16 2004-Jun-25, 0 devices found
[    6.098492] EDD information not available.
[    6.132711] Freeing unused kernel memory: 1488K
[    6.155847] Write protecting the kernel read-only data: 14336k
[    6.311002] Freeing unused kernel memory: 1608K
[    6.312859] Freeing unused kernel memory: 64K
Loading, please wait...
starting version 229
[    6.450158] random: systemd-udevd: uninitialized urandom read (16 bytes read, 2 bits of entropy available)
[    6.457054] random: systemd-udevd: uninitialized urandom read (16 bytes read, 2 bits of entropy available)
[    6.460031] random: udevadm: uninitialized urandom read (16 bytes read, 2 bits of entropy available)
[    6.460381] random: udevadm: uninitialized urandom read (16 bytes read, 2 bits of entropy available)
[    6.471891] random: systemd-udevd: uninitialized urandom read (16 bytes read, 2 bits of entropy available)
[    6.477128] random: systemd-udevd: uninitialized urandom read (16 bytes read, 2 bits of entropy available)
[    6.508201] random: systemd-udevd: uninitialized urandom read (16 bytes read, 2 bits of entropy available)
[    6.513447] random: systemd-udevd: uninitialized urandom read (16 bytes read, 2 bits of entropy available)
[    6.518430] random: systemd-udevd: uninitialized urandom read (16 bytes read, 2 bits of entropy available)
[    6.534018] random: systemd-udevd: uninitialized urandom read (16 bytes read, 2 bits of entropy available)
[    6.826290] Fusion MPT base driver 3.04.20
[    6.828560] Copyright (c) 1999-2008 LSI Corporation
[    6.857759] e1000: Intel(R) PRO/1000 Network Driver - version 7.3.21-k8-NAPI
[    6.861371] e1000: Copyright (c) 1999-2006 Intel Corporation.
[    6.885881] Fusion MPT SPI Host driver 3.04.20
[    7.055914] input: ImExPS/2 Generic Explorer Mouse as /devices/platform/i8042/serio1/input/input4
[    7.382434] e1000 0000:00:03.0 eth0: (PCI:33MHz:32-bit) 02:52:2e:48:de:28
[    7.404867] e1000 0000:00:03.0 eth0: Intel(R) PRO/1000 Network Connection
[    7.436684] mptbase: ioc0: Initiating bringup
[    7.437715] e1000 0000:00:03.0 enp0s3: renamed from eth0
[    7.517015] ioc0: LSI53C1030 A0: Capabilities={Initiator}
[    8.718015] scsi host2: ioc0: LSI53C1030 A0, FwRev=00000000h, Ports=1, MaxQ=256, IRQ=20
[    9.447106] scsi 2:0:0:0: Direct-Access     VBOX     HARDDISK         1.0  PQ: 0 ANSI: 5
[    9.548654] scsi target2:0:0: Beginning Domain Validation
[    9.569093] scsi target2:0:0: Domain Validation skipping write tests
[    9.571026] scsi target2:0:0: Ending Domain Validation
[    9.572780] scsi target2:0:0: asynchronous
[    9.574894] scsi 2:0:1:0: Direct-Access     VBOX     HARDDISK         1.0  PQ: 0 ANSI: 5
[    9.577683] scsi target2:0:1: Beginning Domain Validation
[    9.581064] scsi target2:0:1: Domain Validation skipping write tests
[    9.583067] scsi target2:0:1: Ending Domain Validation
[    9.584889] scsi target2:0:1: asynchronous
[    9.595252] sd 2:0:0:0: [sda] 20971520 512-byte logical blocks: (10.7 GB/10.0 GiB)
[    9.598411] sd 2:0:0:0: [sda] Write Protect is off
[    9.617938] sd 2:0:0:0: Attached scsi generic sg0 type 0
[    9.627527] sd 2:0:0:0: [sda] Incomplete mode parameter data
[    9.627529] sd 2:0:0:0: [sda] Assuming drive cache: write through
[    9.654236]  sda: sda1
[    9.656305] sd 2:0:0:0: [sda] Attached SCSI disk
[    9.661243] sd 2:0:1:0: [sdb] 20480 512-byte logical blocks: (10.5 MB/10.0 MiB)
[    9.688193] sd 2:0:1:0: Attached scsi generic sg1 type 0
[    9.944022] sd 2:0:1:0: [sdb] Write Protect is off
[    9.945933] sd 2:0:1:0: [sdb] Incomplete mode parameter data
[    9.947752] sd 2:0:1:0: [sdb] Assuming drive cache: write through
[    9.976504] sd 2:0:1:0: [sdb] Attached SCSI disk
Begin: Loading essential drivers ... [   12.370519] md: linear personality registered for level -1
[   12.398195] md: multipath personality registered for level -4
[   12.425020] md: raid0 personality registered for level 0
[   12.458646] md: raid1 personality registered for level 1
[   12.566551] raid6: sse2x1   gen()  5221 MB/s
[   12.652400] raid6: sse2x1   xor()  4791 MB/s
[   12.735929] raid6: sse2x2   gen()  4944 MB/s
[   12.826550] raid6: sse2x2   xor()  5811 MB/s
[   13.046558] raid6: sse2x4   gen()  9217 MB/s
[   13.126549] raid6: sse2x4   xor()  7312 MB/s
[   13.138057] raid6: using algorithm sse2x4 gen() 9217 MB/s
[   13.139808] raid6: .... xor() 7312 MB/s, rmw enabled
[   13.141435] raid6: using ssse3x2 recovery algorithm
[   13.147958] xor: measuring software checksum speed
[   13.190964]    prefetch64-sse: 21143.000 MB/sec
[   13.231748]    generic_sse: 10525.000 MB/sec
[   13.233227] xor: using function: prefetch64-sse (21143.000 MB/sec)
[   13.237071] async_tx: api initialized (async)
[   13.278049] md: raid6 personality registered for level 6
[   13.280966] md: raid5 personality registered for level 5
[   13.283782] md: raid4 personality registered for level 4
[   13.349074] md: raid10 personality registered for level 10
done.
Begin: Running /scripts/init-premount ... done.
Begin: Mounting root file system ... Begin: Running /scripts/local-top ... done.
Begin: Running /scripts/local-premount ... [   13.516506] Btrfs loaded
Scanning for Btrfs filesystems
done.
Warning: fsck not present, so skipping root file system
[   13.756168] EXT4-fs (sda1): mounted filesystem with ordered data mode. Opts: (null)
done.
Begin: Running /scripts/local-bottom ... done.
Begin: Running /scripts/init-bottom ... done.
[   14.678902] systemd[1]: systemd 229 running in system mode. (+PAM +AUDIT +SELINUX +IMA +APPARMOR +SMACK +SYSVINIT +UTMP +LIBCRYPTSETUP +GCRYPT +GNUTLS +ACL +XZ -LZ4 +SECCOMP +BLKID +ELFUTILS +KMOD -IDN)
[   14.710251] systemd[1]: Detected virtualization oracle.
[   14.711964] systemd[1]: Detected architecture x86-64.

Welcome to [1mUbuntu 16.04.6 LTS[0m!

[   14.724744] systemd[1]: Set hostname to <ubuntu>.
[   14.745045] systemd[1]: Initializing machine ID from random generator.
[   14.747146] systemd[1]: Installed transient /etc/machine-id file.
[   14.890745] random: nonblocking pool is initialized
[   15.777819] systemd[1]: Listening on Syslog Socket.
[[0;32m  OK  [0m] Listening on Syslog Socket.
[   15.800205] systemd[1]: Set up automount Arbitrary Executable File Formats File System Automount Point.
[[0;32m  OK  [0m] Set up automount Arbitrary Executab...ats File System Automount Point.
[   15.810177] systemd[1]: Listening on /dev/initctl Compatibility Named Pipe.
[[0;32m  OK  [0m] Listening on /dev/initctl Compatibility Named Pipe.
[   15.820080] systemd[1]: Reached target User and Group Name Lookups.
[[0;32m  OK  [0m] Reached target User and Group Name Lookups.
[   15.825033] systemd[1]: Listening on LVM2 metadata daemon socket.
[[0;32m  OK  [0m] Listening on LVM2 metadata daemon socket.
[   15.841924] systemd[1]: Created slice System Slice.
[[0;32m  OK  [0m] Created slice System Slice.
[   15.884565] systemd[1]: Created slice system-serial\x2dgetty.slice.
[[0;32m  OK  [0m] Created slice system-serial\x2dgetty.slice.
[   15.903214] systemd[1]: Listening on LVM2 poll daemon socket.
[[0;32m  OK  [0m] Listening on LVM2 poll daemon socket.
[   15.945052] systemd[1]: Reached target Swap.
[[0;32m  OK  [0m] Reached target Swap.
[   15.980564] systemd[1]: Reached target System Time Synchronized.
[[0;32m  OK  [0m] Reached target System Time Synchronized.
[   16.032341] systemd[1]: Listening on Journal Audit Socket.
[[0;32m  OK  [0m] Listening on Journal Audit Socket.
[   16.072413] systemd[1]: Listening on Journal Socket.
[[0;32m  OK  [0m] Listening on Journal Socket.
[   16.109236] systemd[1]: Starting Set console keymap...
         Starting Set console keymap...
[   16.147511] systemd[1]: Mounting Huge Pages File System...
         Mounting Huge Pages File System...
[   16.204890] systemd[1]: Starting Nameserver information manager...
         Starting Nameserver information manager...
[   16.212993] systemd[1]: Listening on udev Kernel Socket.
[[0;32m  OK  [0m] Listening on udev Kernel Socket.
[   16.229069] systemd[1]: Started Forward Password Requests to Wall Directory Watch.
[[0;32m  OK  [0m] Started Forward Password Requests to Wall Directory Watch.
[   16.247313] systemd[1]: Reached target Encrypted Volumes.
[[0;32m  OK  [0m] Reached target Encrypted Volumes.
[   16.282409] systemd[1]: Starting Load Kernel Modules...
         Starting Load Kernel Modules...
[   16.288328] systemd[1]: Listening on udev Control Socket.
[[0;32m  OK  [0m] Listening on udev Control Socket.
[   16.306074] systemd[1]: Starting Remount Root and Kernel File Systems...
         Starting Remount Root and Kernel File Systems...
[   16.318621] systemd[1]: Listening on Device-mapper event daemon FIFOs.
[[0;32m  OK  [0m] Listening on Device-mapper event daemon FIFOs.
[   16.338039] systemd[1]: Starting Monitoring of LVM2 mirrors, snapshots etc. using dmeventd or progress polling...
         Starting Monitoring of LVM2 mirrors... dmeventd or progress polling...
[   16.397465] systemd[1]: Mounting POSIX Message Queue File System...
         Mounting POSIX Message Queue File System...
[   16.412826] EXT4-fs (sda1): re-mounted. Opts: (null)
[   16.414503] systemd[1]: Starting Uncomplicated firewall...
         Starting Uncomplicated firewall...
[   16.433858] systemd[1]: Created slice User and Session Slice.
[[0;32m  OK  [0m] Created slice User and Session Slice.
[   16.440587] systemd[1]: Reached target Slices.
[[0;32m  OK  [0m] Reached target Slices.
[   16.467733] systemd[1]: Starting Create list of required static device nodes for the current kernel...
         Starting Create list of[   16.504880] Loading iSCSI transport class v2.0-870.
 required st... nodes for the current kernel...
[   16.517648] systemd[1]: Listening on Journal Socket (/dev/log).
[[0;32m  OK  [0m] Listening on Journal Socket (/dev/log).
[   16.565074] systemd[1]: Starting Journal Service...
         Starting Journal Service...
[   16.585447] systemd[1]: Started Trigger resolvconf update for networkd DNS.
[[0;32m  OK  [0m] Started Trig[   16.595677] iscsi: registered transport (tcp)
ger resolvconf update for networkd DNS.
[   16.633521] systemd[1]: Mounting Debug File System...
         Mounting Debug File System...
[   16.669373] systemd[1]: Mounted Debug File System.
[[0;32m  OK  [0m] Mounted Debug File System.
[   16.710385] systemd[1]: Mounted Huge Pages File System.
[[0;32m  OK  [0m] Mounted Huge Pages File System.
[   16.714756] systemd[1]: Mounted POSIX Message Queue File System.
[[0;32m  OK  [0m] Mounted POSIX Message Queue File System.
[   16.768323] systemd[1]: Started Remount Root and Kernel File Systems.
[[0;32m  OK  [0m] Started Remount Root and Kernel File Systems.
[   16.795751] systemd[1]: Started Uncomplicated firewall.
[[0;32m  OK  [0m] Started Uncomplicated firewall.
[   16.821235] systemd[1]: Started Create list of required static device nodes for the current kernel.
[[0;32m  OK  [0m] Started Create list of required sta...ce nodes for the current kernel.
[   16.850370] systemd[1]: Started Set console keymap.
[[0;32m  OK  [0m] Started Set console keymap.[   16.864609] iscsi: registered transport (iser)

[   16.901733] systemd[1]: Started Nameserver information manager.
[[0;32m  OK  [0m] Started Nameserver information manager.
[   16.932849] systemd[1]: Started Load Kernel Modules.
[[0;32m  OK  [0m] Started Load Kernel Modules.
[   16.987275] systemd[1]: Started Journal Service.
[[0;32m  OK  [0m] Started Journal Service.
[[0;32m  OK  [0m] Started LVM2 metadata daemon.
         Starting Apply Kernel Variables...
         Mounting FUSE Control File System...
         Starting Create Static Device Nodes in /dev...
         Starting Flush Journal to Persistent Storage...
         Starting Load/Save Random Seed...
         Starting udev Coldplug all Devices...
[[0;32m  OK  [0m] Mounted FUSE Control File System.
[[0;32m  OK  [0m] Started Apply Kernel Variables.
[[0;32m  OK  [0m] Started Load/Save Random Seed.
[[0;32m  OK  [0m] Started Create Static Device Nodes in /dev.
[[0;32m  OK  [0m] Started Monitoring of LVM2 mirrors,...ng dmeventd or progress polling.
[[0;32m  OK  [0m] Started Flush Journal to Persistent Storage.
         Starting udev Kernel Device Manager...
[[0;32m  OK  [0m] Reached target Local File Systems (Pre).
[[0;32m  OK  [0m] Reached target Local File Systems.
         Starting LSB: AppArmor initialization...
         Starting Create Volatile Files and Directories...
         Starting Initial cloud-init job (pre-networking)...
         Starting Tell Plymouth To Write Out Runtime Data...
         Starting Commit a transient machine-id on disk...
         Starting Set console font and keymap...
[[0;32m  OK  [0m] Started udev Coldplug all Devices.
[[0;32m  OK  [0m] Started Commit a transient machine-id on disk.
[[0;32m  OK  [0m] Started Tell Plymouth To Write Out Runtime Data.
[[0;32m  OK  [0m] Started Create Volatile Files and Directories.
         Starting Update UTMP about System Boot/Shutdown...
[[0;32m  OK  [0m] Started Update UTMP about System Boot/Shutdown.
[[0;32m  OK  [0m] Started udev Kernel Device Manager.
[[0;32m  OK  [0m] Started Dispatch Password Requests to Console Directory Watch.
[[0;32m  OK  [0m] Found device /dev/ttyS0.
[[0;32m  OK  [0m] Listening on Load/Save RF Kill Switch Status /dev/rfkill Watch.
[[0;32m  OK  [0m] Started LSB: AppArmor initialization.
[   21.756334] cloud-init[460]: Cloud-init v. 19.1-1-gbaa47854-0ubuntu1~16.04.1 running 'init-local' at Thu, 22 Aug 2019 16:49:11 +0000. Up 19.97 seconds.
[[0;32m  OK  [0m] Started Set console font and keymap.
[[0;32m  OK  [0m] Created slice system-getty.slice.
[[0;32m  OK  [0m] Started Initial cloud-init job (pre-networking).
[[0;32m  OK  [0m] Reached target Network (Pre).
         Starting Raise network interfaces...
[[0;32m  OK  [0m] Started Raise network interfaces.
         Starting Initial cloud-init job (metadata service crawler)...
[[0;32m  OK  [0m] Reached target Network.
[   27.515680] cloud-init[939]: Cloud-init v. 19.1-1-gbaa47854-0ubuntu1~16.04.1 running 'init' at Thu, 22 Aug 2019 16:49:16 +0000. Up 24.80 seconds.
[   27.568078] cloud-init[939]: ci-info: ++++++++++++++++++++++++++++++++++++++Net device info++++++++++++++++++++++++++++++++++++++
[   27.576880] cloud-init[939]: ci-info: +--------+------+----------------------------+---------------+--------+-------------------+
[   27.585518] cloud-init[939]: ci-info: | Device |  Up  |          Address           |      Mask     | Scope  |     Hw-Address    |
[   27.592200] cloud-init[939]: ci-info: +--------+------+----------------------------+---------------+--------+-------------------+
[   27.602056] cloud-init[939]: ci-info: | enp0s3 | True |         10.0.2.15          | 255.255.255.0 | global | 02:52:2e:48:de:28 |
[   27.606614] cloud-init[939]: ci-info: | enp0s3 | True | fe80::52:2eff:fe48:de28/64 |       .       |  link  | 02:52:2e:48:de:28 |
[   27.619893] cloud-init[939]: ci-info: |   lo   | True |         127.0.0.1          |   255.0.0.0   |  host  |         .         |
[   27.626519] cloud-init[939]: ci-info: |   lo   | True |          ::1/128           |       .       |  host  |         .         |
[   27.632016] cloud-init[939]: ci-info: +--------+------+----------------------------+---------------+--------+-------------------+
[   27.637406] cloud-init[939]: ci-info: +++++++++++++++++++++++++++Route IPv4 info++++++++++++++++++++++++++++
[   27.658788] cloud-init[939]: ci-info: +-------+-------------+----------+---------------+-----------+-------+
[   27.663903] cloud-init[939]: ci-info: | Route | Destination | Gateway  |    Genmask    | Interface | Flags |
[   27.676708] cloud-init[939]: ci-info: +-------+-------------+----------+---------------+-----------+-------+
[   27.689513] cloud-init[939]: ci-info: |   0   |   0.0.0.0   | 10.0.2.2 |    0.0.0.0    |   enp0s3  |   UG  |
[   27.696952] cloud-init[939]: ci-info: |   1   |   10.0.2.0  | 0.0.0.0  | 255.255.255.0 |   enp0s3  |   U   |
[   27.706474] cloud-init[939]: ci-info: +-------+-------------+----------+---------------+-----------+-------+
[   27.712955] cloud-init[939]: ci-info: +++++++++++++++++++Route IPv6 info+++++++++++++++++++
[   27.716876] cloud-init[939]: ci-info: +-------+-------------+---------+-----------+-------+
[   27.723219] cloud-init[939]: ci-info: | Route | Destination | Gateway | Interface | Flags |
[[0;32m  OK  [0m] Started Initial cloud-init job (metadata service crawler).
[[0;32m  OK  [0m] Reached target Cloud-config availability.
[   27.736090] cloud-init[939]: ci-info: +-------+-------------+---------+-----------+-------+
[   27.763231] cloud-init[939]: ci-info: |   0   |  fe80::/64  |    ::   |   enp0s3  |   U   |
[[0;32m  OK  [0m] Reached target System Initialization.
[[0;32m  OK  [0m] Listening on UUID daemon activation socket.
[   27.770856] cloud-init[939]: ci-info: |   4   |   ff00::/8  |    ::   |   enp0s3  |   U   |
[   27.799146] cloud-init[939]: ci-info: +-------+-------------+---------+-----------+-------+
[[0;32m  OK  [0m] Listening on ACPID Listen Socket.
[   27.808071] cloud-init[939]: Generating public/private rsa key pair.
[   27.814048] cloud-init[939]: Your identification has been saved in /etc/ssh/ssh_host_rsa_key.
[   27.820483] cloud-init[939]: Your public key has been saved in /etc/ssh/ssh_host_rsa_key.pub.
[   27.823848] cloud-init[939]: The key fingerprint is:
[   27.829907] cloud-init[939]: SHA256:3aDCS1hpKDkBjUz3ltCQL4d3v4lJVp/EV0QFxzzLT8M root@ubuntu-xenial
[   27.834602] cloud-init[939]: The key's randomart image is:
[   27.840908] cloud-init         [939]: Starting LXD - unix socket.+---[RSA 2048]----+

[   27.844066] cloud-init[939]: |+=.++         +*+|
[   27.846048] cloud-init[939]: |..o+oo..       +o|
[   27.853237] [cloud-init[0;32m  OK  [0m[939]: ] |  + +++   o   + o|Started ACPI Events Check.

[   27.856335] [cloud-init[0;32m  OK  [0m[939]: ] |   =.O . + = . E.|Reached target Paths.

[   27.857025] cloud-init[939]: |    = = S + +  .o|
[   27.864478] [cloud-init[0;32m  OK  [0m[939]: ] |     . = . o    .|Started Daily apt download activities.

[   27.865177] cloud-init[939]: |      + o o      |
[[0;32m  OK  [0m] Started Daily apt upgrade and clean activities.
[   27.868433] [cloud-init[0;32m  OK  [0m[939]: ] |       o o       |Started Daily Cleanup of Temporary Directories.

[   27.874213] [cloud-init[0;32m  OK  [0m[939]: ] |                 |Reached target Timers.

[   27.878790] [cloud-init[0;32m  OK  [0m[939]: ] +----[SHA256]-----+Listening on D-Bus System Message Bus Socket.

[   27.883108] cloud-init[939]: Generating public/private dsa key pair.
[   27.901194] cloud-init[939]: Your identification has been saved in /etc/ssh/ssh_host_dsa_key.
[   27.905793] cloud-init[939]: Your public key has been saved in /etc/ssh/ssh_host_dsa_key.pub.
[   27.911622] cloud-init[939]: The key fingerprint is:
[   27.915485] cloud-init[939]: SHA256:Xpn4LoMa1fL6SfL6QgJgLTotmyGwvxkCia0NwgrzlPE root@ubuntu-xenial
[   27.918875] cloud-init[939]: The key's randomart image is:
[   27.921663] cloud-init[939]: +---[DSA 1024]----+
         Starting Socket activation for snappy daemon.
[[0;32m  OK  [0m] Reached target Network is Online.
[   27.926002] cloud-init[939]: |  .              |
[   27.942047] cloud-init[939]: |oo..             |
[   27.945791] cloud-init[939]: |**.+             |
[   27.956529] cloud-init[939]: |/.* E  . . o     |
[   27.977840]          cloud-initStarting iSCSI initiator daemon (iscsid)...[939]: 
|*# .  o S +      |
[   27.978480] cloud-init[939]: |* = ...+ o       |
[   28.004469] cloud-init[939]: | . +.o..+ .      |
[   28.009462] cloud-init[939]: |  o  .o=oo       |
[   28.017773] cloud-init[939]: |    ..o==o.      |
[   28.023741] cloud-init[939]: +----[SHA256]-----+
[[0;32m  OK  [0m] Listening on LXD - unix socket.
[[0;32m  OK  [0m] Listening on Socket activation for snappy daemon.
[   28.024561] cloud-init[939]: Generating public/private ecdsa key pair.
[   28.066090] cloud-init[939]: Your identification has been saved in /etc/ssh/ssh_host_ecdsa_key.
[   28.085162] cloud-init[939]: Your public key has been saved in /etc/ssh/ssh_host_ecdsa_key.pub.
[   28.135828] cloud-init[939]: The key fingerprint is:
[[0;32m  OK  [0m] Reached target Sockets.
[   28.136537] cloud-init[939]: SHA256:DOSFEg3dV1De59C7cTvZBNqk9IbZhi96hRjroiqE5a0 root@ubuntu-xenial
[   28.196555] [[0;32m  OK  [0m] Reached target Basic System.
cloud-init[939]: The key's randomart image is:
[   28.205158] cloud-init[939]: +---[ECDSA 256]---+
[   28.213521] cloud-init[939]: |    o=.o. .+o    |
[[0;32m  OK  [0m] Started FUSE filesystem for LXC.
[   28.237211] cloud-init[939]: |    .o+.. .. . . |
[   28.247020] cloud-init[939]: |     .o  .  o = o|
[   28.271924] [cloud-init[0;32m  OK  [0m[939]: ] |  .    o  .. @ =.|Started ACPI event daemon.

[   28.274578] cloud-init[939]: | + .    S  +*.*o+|
[   28.304921] cloud-init[939]: |. o .     o .+..B|
[   28.324761] cloud-init[939]: | . .     .  ...=.|
[   28.335762] [cloud-init[0;32m  OK  [0m[939]: ] |  E     . ....  .|Started Regular background program processing daemon.

[   28.353099] cloud-init[939]: |   ..... ...     |
         Starting /etc/rc.local Compatibility...
[   28.375718] cloud-init[939]: +----[SHA256]-----+
[   28.413890] cloud-init[939]: Generating public/private ed25519 key pair.
[   28.424256] cloud-init[939]: Your identification has been saved in /etc/ssh/ssh_host_ed25519_key.
[   28.436675] cloud-init[939]: Your public key has been saved in /etc/ssh/ssh_host_ed25519_key.pub.
         Starting Accounts Service...
[   28.437365] cloud-init[939]: The key fingerprint is:
[   28.455099] cloud-init[939]: SHA256:DzTIuwKg5pGL8XDU9y18LwFyia4EnZR5xCMt8hZ61ls root@ubuntu-xenial
[   28.468519] cloud-init[939]: The key's randomart image is:
[   28.470629] cloud-init[939]: +--[ED25519 256]--+         Starting LSB: MD monitoring daemon...

[   28.488655] cloud-init[939]: |    .*.          |
[   28.506162] cloud-init[939]: |  .+*o=o .       |
[[0;32m  OK  [0m] Started D-Bus System Message Bus.
[   28.545544] cloud-init[939]: |. o++**.*        |
[   28.554032] cloud-init[939]: |.oo.=o.BE+       |
[   28.568595] cloud-init[939]: |++o+. ooS +      |
[   28.572446] cloud-init[939]: |+=oo ... = o     |
[   28.586186] cloud-init[939]: |.o. o .   o .    |
[   28.592639] cloud-init[939]: |     .     .     |
[   28.605819] cloud-init[939]: |                 |
[   28.615132] cloud-init[939]: +----[SHA256]-----+
         Starting LSB: Record successful boot for GRUB...
[[0;32m  OK  [0m] Started Deferred execution scheduler.
         Starting Snappy daemon...
         Starting System Logging Service...
         Starting Login Service...
         Starting Virtualbox guest utils...
         Starting Pollinate to seed the pseudo random number generator...
         Starting LXD - container startup/shutdown...
[[0;32m  OK  [0m] Started /etc/rc.local Compatibility.
[[0;32m  OK  [0m] Started iSCSI initiator daemon (iscsid).
         Starting Authenticate and Authorize Users to Run Privileged Tasks...
         Starting Login to default iSCSI targets...
[[0;32m  OK  [0m] Started Login Service.
[[0;32m  OK  [0m] Started Unattended Upgrades Shutdown.
[[0;32m  OK  [0m] Started System Logging Service.
[[0;32m  OK  [0m] Started LSB: MD monitoring daemon.
[[0;32m  OK  [0m] Started LSB: Record successful boot for GRUB.
[[0;32m  OK  [0m] Started Login to default iSCSI targets.
[[0;32m  OK  [0m] Reached target Remote File Systems (Pre).
[[0;32m  OK  [0m] Reached target Remote File Systems.
         Starting Permit User Sessions...
         Starting LSB: daemon to balance interrupts for SMP systems...
         Starting LSB: automatic crash report generation...
         Starting LSB: Set the CPU Frequency Scaling governor to "ondemand"...
[[0;32m  OK  [0m] Started Permit User Sessions.
         Starting Terminate Plymouth Boot Screen...
         Starting Hold until boot process finishes up...
[[0;32m  OK  [0m] Started Authenticate and Authorize Users to Run Privileged Tasks.
[[0;32m  OK  [0m] Started Terminate Plymouth Boot Screen.
[[0;32m  OK  [0m] Started Accounts Service.
[[0;32m  OK  [0m] Started Hold until boot process finishes up.
[[0;32m  OK  [0m] Started Serial Getty on ttyS0.
         Starting Set console scheme...
[[0;32m  OK  [0m] Started Getty on tty1.
[[0;32m  OK  [0m] Reached target Login Prompts.
[[0;32m  OK  [0m] Started Set console scheme.
[[0;32m  OK  [0m] Started LSB: Set the CPU Frequency Scaling governor to "ondemand".
[[0;32m  OK  [0m] Started LXD - container startup/shutdown.
[[0;32m  OK  [0m] Started LSB: daemon to balance interrupts for SMP systems.
[[0;32m  OK  [0m] Started LSB: automatic crash report generation.
[[0;32m  OK  [0m] Started Virtualbox guest utils.
[[0;32m  OK  [0m] Started Snappy daemon.
         Starting Wait until snapd is fully seeded...
[[0;32m  OK  [0m] Started Pollinate to seed the pseudo random number generator.
         Starting OpenBSD Secure Shell server...
[[0;32m  OK  [0m] Started OpenBSD Secure Shell server.
[[0;32m  OK  [0m] Created slice User Slice of vagrant.
         Starting User Manager for UID 1000...
[[0;32m  OK  [0m] Started Session 1 of user vagrant.
[[0;32m  OK  [0m] Started User Manager for UID 1000.

Ubuntu 16.04.6 LTS ubuntu-xenial ttyS0

ubuntu-xenial login: [   38.897194] cloud-init[1378]: Generating locales (this might take a while)...
[   42.310771] cloud-init[1378]:   en_US.UTF-8... done
[   42.316473] cloud-init[1378]: Generation complete.
[   44.019348] cloud-init[1378]: Cloud-init v. 19.1-1-gbaa47854-0ubuntu1~16.04.1 running 'modules:config' at Thu, 22 Aug 2019 16:49:29 +0000. Up 37.97 seconds.
ci-info: no authorized ssh keys fingerprints found for user ubuntu.
<14>Aug 22 16:49:37 ec2: 
<14>Aug 22 16:49:37 ec2: #############################################################
<14>Aug 22 16:49:37 ec2: -----BEGIN SSH HOST KEY FINGERPRINTS-----
<14>Aug 22 16:49:37 ec2: 1024 SHA256:Xpn4LoMa1fL6SfL6QgJgLTotmyGwvxkCia0NwgrzlPE root@ubuntu-xenial (DSA)
<14>Aug 22 16:49:37 ec2: 256 SHA256:DOSFEg3dV1De59C7cTvZBNqk9IbZhi96hRjroiqE5a0 root@ubuntu-xenial (ECDSA)
<14>Aug 22 16:49:37 ec2: 256 SHA256:DzTIuwKg5pGL8XDU9y18LwFyia4EnZR5xCMt8hZ61ls root@ubuntu-xenial (ED25519)
<14>Aug 22 16:49:37 ec2: 2048 SHA256:3aDCS1hpKDkBjUz3ltCQL4d3v4lJVp/EV0QFxzzLT8M root@ubuntu-xenial (RSA)
<14>Aug 22 16:49:37 ec2: -----END SSH HOST KEY FINGERPRINTS-----
<14>Aug 22 16:49:37 ec2: #############################################################
-----BEGIN SSH HOST KEY KEYS-----
ecdsa-sha2-nistp256 AAAAE2VjZHNhLXNoYTItbmlzdHAyNTYAAAAIbmlzdHAyNTYAAABBBDd0ZCsMDGuu2wop7wAbcyqtj+uc125vXMd0uR5h2psSfVHu6ScI/JN2duQ+AjmsHC5R29tj687Ws4CaftCXk68= root@ubuntu-xenial
ssh-ed25519 AAAAC3NzaC1lZDI1NTE5AAAAIDOexQZkdeA3UiPF4flo9WrOuYJai/CtYDR1H3m/bbCG root@ubuntu-xenial
ssh-rsa AAAAB3NzaC1yc2EAAAADAQABAAABAQDXEzjV9nk/6ne+lA7XBoMHqW+Cjgxm92QvC+Hy695+mgpPpzqY7L9+QKdtROgg+d7FmpBHYatxh+PjsMRaMZuXnNa0A7vGKYZ1zjIULcYQMc7VrmvtL+6egM7NVaYiMhazo4/eBYiZJ6kjyreoAoKw2PszHWnQedZrevuItpPgXLhRquwgoawU/BpHTkb9vc3Vaf6zVwaKNokaNtDIr2oWC3DNdbBzkTpt6A7wuffMU9f/fILV71qiOMGfnp3/5W2aUz/B1SCNb8YmKoWPEK/xCuRWy58juII1dYiMGVkPMkQODI5S4/EanVVztCoha1tLulElumAn1k6oIvIWRy8z root@ubuntu-xenial
-----END SSH HOST KEY KEYS-----
[   46.347642] cloud-init[1529]: Cloud-init v. 19.1-1-gbaa47854-0ubuntu1~16.04.1 running 'modules:final' at Thu, 22 Aug 2019 16:49:36 +0000. Up 45.18 seconds.
[   46.349067] cloud-init[1529]: ci-info: no authorized ssh keys fingerprints found for user ubuntu.
[   46.360707] cloud-init[1529]: Cloud-init v. 19.1-1-gbaa47854-0ubuntu1~16.04.1 finished at Thu, 22 Aug 2019 16:49:37 +0000. Datasource DataSourceNoCloud [seed=/dev/sdb][dsmode=net].  Up 46.30 seconds
